C:\Users\rtCamp\git\testing\src\test\java\testscripts\buddyPress\limitNumberOfAlbumsPerUser.java
C:\Users\rtCamp\git\testing\src\test\java\testscripts\mediaTypes\Video.java
C:\Users\rtCamp\git\testing\src\test\java\testscripts\OtherSettings\enableFavListOtherRoles.java
C:\Users\rtCamp\git\testing\src\test\java\testscripts\OtherSettings\enableUsersLikedMediaPageOtherRoles.java
C:\Users\rtCamp\git\testing\src\test\java\testscripts\buddyPress\enableMediaInProfile.java
C:\Users\rtCamp\git\testing\src\test\java\testscripts\buddyPress\enableMediaInProfileOtherRoles.java
C:\Users\rtCamp\git\testing\src\test\java\testscripts\mediaTypes\Photo.java
C:\Users\rtCamp\git\testing\src\test\java\testscripts\buddyPress\organizeMediaIntoAlbumsOtherRoles.java
C:\Users\rtCamp\git\testing\src\test\java\testscripts\display\mediaCommentbbPress.java
C:\Users\rtCamp\git\testing\src\test\java\testscripts\OtherSettings\allowUserToUploadMediaViaURL.java
C:\Users\rtCamp\git\testing\src\test\java\testscripts\OtherSettings\enableUsersLikedMediaPage.java
C:\Users\rtCamp\git\testing\src\test\java\testscripts\privacy\PrivacySettingsTestForPrivate.java
C:\Users\rtCamp\git\testing\src\test\java\testscripts\buddyPress\enableMediaInGroup.java
C:\Users\rtCamp\git\testing\src\test\java\testscripts\buddyPress\enableMediaInGroupOtherRoles.java
C:\Users\rtCamp\git\testing\src\test\java\testscripts\defaultAlbums\defaultAlbumsSettings.java
C:\Users\rtCamp\git\testing\src\test\java\testscripts\display\NGDisplaySettings.java
C:\Users\rtCamp\git\testing\src\test\java\testscripts\buddyPress\enablePodcastingOtherRoles.java
C:\Users\rtCamp\git\testing\src\test\java\testscripts\wordPress\WordPressSettingsHelper.java
C:\Users\rtCamp\git\testing\src\test\java\testscripts\privacy\PrivacySettingsTestForRegisteredUsers.java
C:\Users\rtCamp\git\testing\src\test\java\testscripts\OtherSettings\enablePlaylists.java
C:\Users\rtCamp\git\testing\src\test\java\testscripts\buddyPress\numberOfMediaItemsInActivitySreamOtherRoles.java
C:\Users\rtCamp\git\testing\src\test\java\testscripts\wordPress\WordPressSettingsTestForAnonymousUser.java
C:\Users\rtCamp\git\testing\src\test\java\testscripts\buddyPress\allowUserToCreateNewAlbumsOtherRoles.java
C:\Users\rtCamp\git\testing\src\test\java\testscripts\buddyPress\allowUploadFromActivityStream.java
C:\Users\rtCamp\git\testing\src\test\java\testscripts\OtherSettings\enableFavList.java
C:\Users\rtCamp\git\testing\src\test\java\testscripts\wordPress\WordPressSettingsTestForContributor.java
C:\Users\rtCamp\git\testing\src\test\java\testscripts\buddyPress\limitNumberOfAlbumsPerUserOtherRoles.java
C:\Users\rtCamp\git\testing\src\test\java\testscripts\mediaTypes\Others.java
C:\Users\rtCamp\git\testing\src\test\java\testscripts\OtherSettings\enablePlaylistsOtherRoles.java
C:\Users\rtCamp\git\testing\src\test\java\testscripts\wordPress\WordPressSettingsTestForSubscriber.java
C:\Users\rtCamp\git\testing\src\test\java\testscripts\buddyPress\numberOfMediaItemsInActivitySream.java
C:\Users\rtCamp\git\testing\src\test\java\testscripts\mediaTypes\Music.java
C:\Users\rtCamp\git\testing\src\test\java\testscripts\bbPress\bbPressSettingsTest.java
C:\Users\rtCamp\git\testing\src\test\java\testscripts\buddyPress\enablePodcasting.java
C:\Users\rtCamp\git\testing\src\test\java\testscripts\wordPress\WordPressSettingsTestForEditor.java
C:\Users\rtCamp\git\testing\src\test\java\testscripts\privacy\PrivacySettingsTest.java
C:\Users\rtCamp\git\testing\src\test\java\testscripts\mediaTypes\Document.java
C:\Users\rtCamp\git\testing\src\test\java\testscripts\Constants.java
C:\Users\rtCamp\git\testing\src\test\java\testscripts\buddyPress\allowUserToCreateNewAlbums.java
C:\Users\rtCamp\git\testing\src\test\java\testscripts\wordPress\WordPressSettingsTest.java
C:\Users\rtCamp\git\testing\src\test\java\testscripts\buddyPress\allowUploadFromActivityStreamOtherRoles.java
C:\Users\rtCamp\git\testing\src\test\java\testscripts\buddyPress\organizeMediaIntoAlbums.java
C:\Users\rtCamp\git\testing\src\test\java\testscripts\Constants_Sumeet.java
C:\Users\rtCamp\git\testing\src\test\java\testscripts\wordPress\WordPressSettingsTestForAuthor.java
C:\Users\rtCamp\git\testing\src\test\java\testscripts\Example.java
C:\Users\rtCamp\git\testing\src\test\java\testscripts\OtherSettings\allowUserToUploadMediaViaURLOtherRoles.java
